###############################################################################
#
# IAR ELF Linker V8.32.1.169/W32 for ARM                  14/Aug/2024  18:20:31
# Copyright 2007-2018 IAR Systems AB.
#
#    Output file  =  
#        C:\Users\wangq\Desktop\ST\STM32F103C8T6\01_Template\Projects\Demo\IAR\Debug\Exe\Demo.out
#    Map file     =  
#        C:\Users\wangq\Desktop\ST\STM32F103C8T6\01_Template\Projects\Demo\IAR\Debug\List\Demo.map
#    Command line =  
#        -f C:\Users\wangq\AppData\Local\Temp\EW31CE.tmp
#        (C:\Users\wangq\Desktop\ST\STM32F103C8T6\01_Template\Projects\Demo\IAR\Debug\Obj\main.o
#        C:\Users\wangq\Desktop\ST\STM32F103C8T6\01_Template\Projects\Demo\IAR\Debug\Obj\misc.o
#        C:\Users\wangq\Desktop\ST\STM32F103C8T6\01_Template\Projects\Demo\IAR\Debug\Obj\startup_stm32f10x_md.o
#        C:\Users\wangq\Desktop\ST\STM32F103C8T6\01_Template\Projects\Demo\IAR\Debug\Obj\stm32f10x_adc.o
#        C:\Users\wangq\Desktop\ST\STM32F103C8T6\01_Template\Projects\Demo\IAR\Debug\Obj\stm32f10x_bkp.o
#        C:\Users\wangq\Desktop\ST\STM32F103C8T6\01_Template\Projects\Demo\IAR\Debug\Obj\stm32f10x_can.o
#        C:\Users\wangq\Desktop\ST\STM32F103C8T6\01_Template\Projects\Demo\IAR\Debug\Obj\stm32f10x_cec.o
#        C:\Users\wangq\Desktop\ST\STM32F103C8T6\01_Template\Projects\Demo\IAR\Debug\Obj\stm32f10x_crc.o
#        C:\Users\wangq\Desktop\ST\STM32F103C8T6\01_Template\Projects\Demo\IAR\Debug\Obj\stm32f10x_dac.o
#        C:\Users\wangq\Desktop\ST\STM32F103C8T6\01_Template\Projects\Demo\IAR\Debug\Obj\stm32f10x_dbgmcu.o
#        C:\Users\wangq\Desktop\ST\STM32F103C8T6\01_Template\Projects\Demo\IAR\Debug\Obj\stm32f10x_dma.o
#        C:\Users\wangq\Desktop\ST\STM32F103C8T6\01_Template\Projects\Demo\IAR\Debug\Obj\stm32f10x_exti.o
#        C:\Users\wangq\Desktop\ST\STM32F103C8T6\01_Template\Projects\Demo\IAR\Debug\Obj\stm32f10x_flash.o
#        C:\Users\wangq\Desktop\ST\STM32F103C8T6\01_Template\Projects\Demo\IAR\Debug\Obj\stm32f10x_fsmc.o
#        C:\Users\wangq\Desktop\ST\STM32F103C8T6\01_Template\Projects\Demo\IAR\Debug\Obj\stm32f10x_gpio.o
#        C:\Users\wangq\Desktop\ST\STM32F103C8T6\01_Template\Projects\Demo\IAR\Debug\Obj\stm32f10x_i2c.o
#        C:\Users\wangq\Desktop\ST\STM32F103C8T6\01_Template\Projects\Demo\IAR\Debug\Obj\stm32f10x_it.o
#        C:\Users\wangq\Desktop\ST\STM32F103C8T6\01_Template\Projects\Demo\IAR\Debug\Obj\stm32f10x_iwdg.o
#        C:\Users\wangq\Desktop\ST\STM32F103C8T6\01_Template\Projects\Demo\IAR\Debug\Obj\stm32f10x_pwr.o
#        C:\Users\wangq\Desktop\ST\STM32F103C8T6\01_Template\Projects\Demo\IAR\Debug\Obj\stm32f10x_rcc.o
#        C:\Users\wangq\Desktop\ST\STM32F103C8T6\01_Template\Projects\Demo\IAR\Debug\Obj\stm32f10x_rtc.o
#        C:\Users\wangq\Desktop\ST\STM32F103C8T6\01_Template\Projects\Demo\IAR\Debug\Obj\stm32f10x_sdio.o
#        C:\Users\wangq\Desktop\ST\STM32F103C8T6\01_Template\Projects\Demo\IAR\Debug\Obj\stm32f10x_spi.o
#        C:\Users\wangq\Desktop\ST\STM32F103C8T6\01_Template\Projects\Demo\IAR\Debug\Obj\stm32f10x_tim.o
#        C:\Users\wangq\Desktop\ST\STM32F103C8T6\01_Template\Projects\Demo\IAR\Debug\Obj\stm32f10x_usart.o
#        C:\Users\wangq\Desktop\ST\STM32F103C8T6\01_Template\Projects\Demo\IAR\Debug\Obj\stm32f10x_wwdg.o
#        C:\Users\wangq\Desktop\ST\STM32F103C8T6\01_Template\Projects\Demo\IAR\Debug\Obj\system_stm32f10x.o
#        --no_out_extension -o
#        C:\Users\wangq\Desktop\ST\STM32F103C8T6\01_Template\Projects\Demo\IAR\Debug\Exe\Demo.out
#        --map
#        C:\Users\wangq\Desktop\ST\STM32F103C8T6\01_Template\Projects\Demo\IAR\Debug\List\Demo.map
#        --config D:\IDE\IAR\arm\config\linker\ST\stm32f103x8.icf --semihosting
#        --entry __iar_program_start --vfe --text_out locale)
#
###############################################################################

*******************************************************************************
*** RUNTIME MODEL ATTRIBUTES
***

CppFlavor       = *
__SystemLibrary = DLib
__dlib_version  = 6


*******************************************************************************
*** HEAP SELECTION
***

The basic heap was selected because no calls to memory allocation
functions were found in the application outside of system library
functions, and there are calls to deallocation functions in the
application.


*******************************************************************************
*** PLACEMENT SUMMARY
***

"A0":  place at 0x800'0000 { ro section .intvec };
"P1":  place in [from 0x800'0000 to 0x800'ffff] { ro };
define block CSTACK with size = 2K, alignment = 8 { };
define block HEAP with size = 2K, alignment = 8 { };
"P2":  place in [from 0x2000'0000 to 0x2000'4fff] {
          rw, block CSTACK, block HEAP };

No sections matched the following patterns:

  rw  in "P2"


  Section   Kind         Address   Size  Object
  -------   ----         -------   ----  ------
"A0":                              0xec
  .intvec   ro code   0x800'0000   0xec  startup_stm32f10x_md.o [1]
                    - 0x800'00ec   0xec

"P1":                             0x3b0
  .text     ro code   0x800'00ec  0x118  system_stm32f10x.o [1]
  .text     ro code   0x800'0204   0xcc  stm32f10x_gpio.o [1]
  .text     ro code   0x800'02d0   0x88  main.o [1]
  .text     ro code   0x800'0358   0x20  stm32f10x_rcc.o [1]
  .text     ro code   0x800'0378   0x1e  cmain.o [3]
  .text     ro code   0x800'0396    0x4  low_level_init.o [2]
  .text     ro code   0x800'039a    0x4  exit.o [2]
  .text     ro code   0x800'039e   0x12  stm32f10x_it.o [1]
  .text     ro code   0x800'03b0    0xa  cexit.o [3]
  .text     ro code   0x800'03bc   0x14  exit.o [4]
  .text     ro code   0x800'03d0   0x10  startup_stm32f10x_md.o [1]
  .text     ro code   0x800'03e0    0xc  cstartup_M.o [3]
  .rodata   const     0x800'03ec    0x4  main.o [1]
  .text     ro code   0x800'03f0    0x4  startup_stm32f10x_md.o [1]
  .text     ro code   0x800'03f4    0x4  startup_stm32f10x_md.o [1]
  .text     ro code   0x800'03f8    0x4  startup_stm32f10x_md.o [1]
  .text     ro code   0x800'03fc    0x4  startup_stm32f10x_md.o [1]
  .text     ro code   0x800'0400    0x4  startup_stm32f10x_md.o [1]
  .text     ro code   0x800'0404    0x4  startup_stm32f10x_md.o [1]
  .text     ro code   0x800'0408    0x4  startup_stm32f10x_md.o [1]
  .text     ro code   0x800'040c    0x4  startup_stm32f10x_md.o [1]
  .text     ro code   0x800'0410    0x4  startup_stm32f10x_md.o [1]
  .text     ro code   0x800'0414    0x4  startup_stm32f10x_md.o [1]
  .text     ro code   0x800'0418    0x4  startup_stm32f10x_md.o [1]
  .text     ro code   0x800'041c    0x4  startup_stm32f10x_md.o [1]
  .text     ro code   0x800'0420    0x4  startup_stm32f10x_md.o [1]
  .text     ro code   0x800'0424    0x4  startup_stm32f10x_md.o [1]
  .text     ro code   0x800'0428    0x4  startup_stm32f10x_md.o [1]
  .text     ro code   0x800'042c    0x4  startup_stm32f10x_md.o [1]
  .text     ro code   0x800'0430    0x4  startup_stm32f10x_md.o [1]
  .text     ro code   0x800'0434    0x4  startup_stm32f10x_md.o [1]
  .text     ro code   0x800'0438    0x4  startup_stm32f10x_md.o [1]
  .text     ro code   0x800'043c    0x4  startup_stm32f10x_md.o [1]
  .text     ro code   0x800'0440    0x4  startup_stm32f10x_md.o [1]
  .text     ro code   0x800'0444    0x4  startup_stm32f10x_md.o [1]
  .text     ro code   0x800'0448    0x4  startup_stm32f10x_md.o [1]
  .text     ro code   0x800'044c    0x4  startup_stm32f10x_md.o [1]
  .text     ro code   0x800'0450    0x4  startup_stm32f10x_md.o [1]
  .text     ro code   0x800'0454    0x4  startup_stm32f10x_md.o [1]
  .text     ro code   0x800'0458    0x4  startup_stm32f10x_md.o [1]
  .text     ro code   0x800'045c    0x4  startup_stm32f10x_md.o [1]
  .text     ro code   0x800'0460    0x4  startup_stm32f10x_md.o [1]
  .text     ro code   0x800'0464    0x4  startup_stm32f10x_md.o [1]
  .text     ro code   0x800'0468    0x4  startup_stm32f10x_md.o [1]
  .text     ro code   0x800'046c    0x4  startup_stm32f10x_md.o [1]
  .text     ro code   0x800'0470    0x4  startup_stm32f10x_md.o [1]
  .text     ro code   0x800'0474    0x4  startup_stm32f10x_md.o [1]
  .text     ro code   0x800'0478    0x4  startup_stm32f10x_md.o [1]
  .text     ro code   0x800'047c    0x4  startup_stm32f10x_md.o [1]
  .text     ro code   0x800'0480    0x4  startup_stm32f10x_md.o [1]
  .text     ro code   0x800'0484    0x4  startup_stm32f10x_md.o [1]
  .text     ro code   0x800'0488    0x4  startup_stm32f10x_md.o [1]
  .text     ro code   0x800'048c    0x4  startup_stm32f10x_md.o [1]
  .text     ro code   0x800'0490    0x4  startup_stm32f10x_md.o [1]
  .text     ro code   0x800'0494    0x4  startup_stm32f10x_md.o [1]
  .text     ro code   0x800'0498    0x4  startup_stm32f10x_md.o [1]
                    - 0x800'049c  0x3b0

"P2":                             0x800
  CSTACK             0x2000'0000  0x800  <Block>
    CSTACK  uninit   0x2000'0000  0x800  <Block tail>
                   - 0x2000'0800  0x800

Unused ranges:

         From           To    Size
         ----           --    ----
   0x800'049c   0x800'ffff  0xfb64
  0x2000'0800  0x2000'4fff  0x4800



*******************************************************************************
*** MODULE SUMMARY
***

    Module                  ro code  ro data  rw data
    ------                  -------  -------  -------
command line/config:
    -------------------------------------------------
    Total:

C:\Users\wangq\Desktop\ST\STM32F103C8T6\01_Template\Projects\Demo\IAR\Debug\Obj: [1]
    main.o                      136        4
    startup_stm32f10x_md.o      424
    stm32f10x_gpio.o            204
    stm32f10x_it.o               18
    stm32f10x_rcc.o              32
    system_stm32f10x.o          280
    -------------------------------------------------
    Total:                    1 094        4

dl7M_tlf.a: [2]
    exit.o                        4
    low_level_init.o              4
    -------------------------------------------------
    Total:                        8

rt7M_tl.a: [3]
    cexit.o                      10
    cmain.o                      30
    cstartup_M.o                 12
    -------------------------------------------------
    Total:                       52

shb_l.a: [4]
    exit.o                       20
    -------------------------------------------------
    Total:                       20

    Gaps                          2
    Linker created                              2 048
-----------------------------------------------------
    Grand Total:              1 176        4    2 048


*******************************************************************************
*** ENTRY LIST
***

Entry                       Address  Size  Type      Object
-----                       -------  ----  ----      ------
?main                    0x800'0379        Code  Gb  cmain.o [3]
BusFault_Handler         0x800'03a5   0x2  Code  Gb  stm32f10x_it.o [1]
CSTACK$$Base            0x2000'0000         --   Gb  - Linker created -
CSTACK$$Limit           0x2000'0800         --   Gb  - Linker created -
DebugMon_Handler         0x800'03ab   0x2  Code  Gb  stm32f10x_it.o [1]
GPIO_Init                0x800'0205  0xc0  Code  Gb  stm32f10x_gpio.o [1]
GPIO_ResetBits           0x800'02cb   0x6  Code  Gb  stm32f10x_gpio.o [1]
GPIO_SetBits             0x800'02c5   0x6  Code  Gb  stm32f10x_gpio.o [1]
HardFault_Handler        0x800'03a1   0x2  Code  Gb  stm32f10x_it.o [1]
MemManage_Handler        0x800'03a3   0x2  Code  Gb  stm32f10x_it.o [1]
NMI_Handler              0x800'039f   0x2  Code  Gb  stm32f10x_it.o [1]
PendSV_Handler           0x800'03ad   0x2  Code  Gb  stm32f10x_it.o [1]
RCC_APB2PeriphClockCmd   0x800'0359  0x1c  Code  Gb  stm32f10x_rcc.o [1]
Region$$Table$$Base             0x0         --   Gb  - Linker created -
Region$$Table$$Limit            0x0         --   Gb  - Linker created -
SVC_Handler              0x800'03a9   0x2  Code  Gb  stm32f10x_it.o [1]
SetSysClock              0x800'0131   0x8  Code  Lc  system_stm32f10x.o [1]
SetSysClockTo72          0x800'0139  0xae  Code  Lc  system_stm32f10x.o [1]
SysTick_Handler          0x800'03af   0x2  Code  Gb  stm32f10x_it.o [1]
SystemInit               0x800'00ed  0x44  Code  Gb  system_stm32f10x.o [1]
UsageFault_Handler       0x800'03a7   0x2  Code  Gb  stm32f10x_it.o [1]
__cmain                  0x800'0379        Code  Gb  cmain.o [3]
__exit                   0x800'03bd  0x14  Code  Gb  exit.o [4]
__iar_program_start      0x800'03e1        Code  Gb  cstartup_M.o [3]
__low_level_init         0x800'0397   0x4  Code  Gb  low_level_init.o [2]
__vector_table           0x800'0000        Data  Gb  startup_stm32f10x_md.o [1]
_call_main               0x800'0385        Code  Gb  cmain.o [3]
_exit                    0x800'03b1        Code  Gb  cexit.o [3]
_main                    0x800'0393        Code  Gb  cmain.o [3]
delay                    0x800'02d1   0xa  Code  Gb  main.o [1]
exit                     0x800'039b   0x4  Code  Gb  exit.o [2]
led_control              0x800'0309  0x20  Code  Gb  main.o [1]
led_init                 0x800'02db  0x2e  Code  Gb  main.o [1]
main                     0x800'0329  0x22  Code  Gb  main.o [1]


[1] = C:\Users\wangq\Desktop\ST\STM32F103C8T6\01_Template\Projects\Demo\IAR\Debug\Obj
[2] = dl7M_tlf.a
[3] = rt7M_tl.a
[4] = shb_l.a

  1 176 bytes of readonly  code memory
      4 bytes of readonly  data memory
  2 048 bytes of readwrite data memory

Errors: none
Warnings: none
